// Jest Snapshot v1, https://goo.gl/fbAQLP

exports[`social login components login should render self and subcomponents 1`] = `
ShallowWrapper {
  Symbol(enzyme.__root__): [Circular],
  Symbol(enzyme.__unrendered__): <Buttons
    onSignIn={[MockFunction]}
  />,
  Symbol(enzyme.__renderer__): Object {
    "batchedUpdates": [Function],
    "getNode": [Function],
    "render": [Function],
    "simulateError": [Function],
    "simulateEvent": [Function],
    "unmount": [Function],
  },
  Symbol(enzyme.__node__): Object {
    "instance": null,
    "key": undefined,
    "nodeType": "host",
    "props": Object {
      "children": Array [
        <n
          appId="288387723285-b26ierucde8neg7evah38tmk4dmti82l.apps.googleusercontent.com"
          className="btn-social"
          onLoginSuccess={[MockFunction]}
          provider="google"
        >
          <img
            alt=""
            className="my-img"
            src="google.jpg"
          />
        </n>,
        <div
          className="social-button-bt"
        />,
        <n
          appId="1737730793021731"
          className="btn-social btn-facebook"
          onLoginSuccess={[MockFunction]}
          provider="facebook"
        >
          <img
            alt=""
            className="my-img"
            src="facebook.jpg"
          />
        </n>,
      ],
    },
    "ref": null,
    "rendered": Array [
      Object {
        "instance": null,
        "key": undefined,
        "nodeType": "class",
        "props": Object {
          "appId": "288387723285-b26ierucde8neg7evah38tmk4dmti82l.apps.googleusercontent.com",
          "children": <img
            alt=""
            className="my-img"
            src="google.jpg"
          />,
          "className": "btn-social",
          "onLoginFailure": undefined,
          "onLoginSuccess": [MockFunction],
          "provider": "google",
        },
        "ref": null,
        "rendered": Object {
          "instance": null,
          "key": undefined,
          "nodeType": "host",
          "props": Object {
            "alt": "",
            "className": "my-img",
            "src": "google.jpg",
          },
          "ref": null,
          "rendered": null,
          "type": "img",
        },
        "type": [Function],
      },
      Object {
        "instance": null,
        "key": undefined,
        "nodeType": "host",
        "props": Object {
          "className": "social-button-bt",
        },
        "ref": null,
        "rendered": null,
        "type": "div",
      },
      Object {
        "instance": null,
        "key": undefined,
        "nodeType": "class",
        "props": Object {
          "appId": "1737730793021731",
          "children": <img
            alt=""
            className="my-img"
            src="facebook.jpg"
          />,
          "className": "btn-social btn-facebook",
          "onLoginFailure": undefined,
          "onLoginSuccess": [MockFunction],
          "provider": "facebook",
        },
        "ref": null,
        "rendered": Object {
          "instance": null,
          "key": undefined,
          "nodeType": "host",
          "props": Object {
            "alt": "",
            "className": "my-img",
            "src": "facebook.jpg",
          },
          "ref": null,
          "rendered": null,
          "type": "img",
        },
        "type": [Function],
      },
    ],
    "type": "div",
  },
  Symbol(enzyme.__nodes__): Array [
    Object {
      "instance": null,
      "key": undefined,
      "nodeType": "host",
      "props": Object {
        "children": Array [
          <n
            appId="288387723285-b26ierucde8neg7evah38tmk4dmti82l.apps.googleusercontent.com"
            className="btn-social"
            onLoginSuccess={[MockFunction]}
            provider="google"
          >
            <img
              alt=""
              className="my-img"
              src="google.jpg"
            />
          </n>,
          <div
            className="social-button-bt"
          />,
          <n
            appId="1737730793021731"
            className="btn-social btn-facebook"
            onLoginSuccess={[MockFunction]}
            provider="facebook"
          >
            <img
              alt=""
              className="my-img"
              src="facebook.jpg"
            />
          </n>,
        ],
      },
      "ref": null,
      "rendered": Array [
        Object {
          "instance": null,
          "key": undefined,
          "nodeType": "class",
          "props": Object {
            "appId": "288387723285-b26ierucde8neg7evah38tmk4dmti82l.apps.googleusercontent.com",
            "children": <img
              alt=""
              className="my-img"
              src="google.jpg"
            />,
            "className": "btn-social",
            "onLoginFailure": undefined,
            "onLoginSuccess": [MockFunction],
            "provider": "google",
          },
          "ref": null,
          "rendered": Object {
            "instance": null,
            "key": undefined,
            "nodeType": "host",
            "props": Object {
              "alt": "",
              "className": "my-img",
              "src": "google.jpg",
            },
            "ref": null,
            "rendered": null,
            "type": "img",
          },
          "type": [Function],
        },
        Object {
          "instance": null,
          "key": undefined,
          "nodeType": "host",
          "props": Object {
            "className": "social-button-bt",
          },
          "ref": null,
          "rendered": null,
          "type": "div",
        },
        Object {
          "instance": null,
          "key": undefined,
          "nodeType": "class",
          "props": Object {
            "appId": "1737730793021731",
            "children": <img
              alt=""
              className="my-img"
              src="facebook.jpg"
            />,
            "className": "btn-social btn-facebook",
            "onLoginFailure": undefined,
            "onLoginSuccess": [MockFunction],
            "provider": "facebook",
          },
          "ref": null,
          "rendered": Object {
            "instance": null,
            "key": undefined,
            "nodeType": "host",
            "props": Object {
              "alt": "",
              "className": "my-img",
              "src": "facebook.jpg",
            },
            "ref": null,
            "rendered": null,
            "type": "img",
          },
          "type": [Function],
        },
      ],
      "type": "div",
    },
  ],
  Symbol(enzyme.__options__): Object {
    "adapter": ReactSixteenAdapter {
      "options": Object {
        "enableComponentDidUpdateOnSetState": true,
        "lifecycles": Object {
          "componentDidUpdate": Object {
            "onSetState": true,
          },
          "getDerivedStateFromProps": true,
          "getSnapshotBeforeUpdate": true,
          "setState": Object {
            "skipsComponentDidUpdateOnNullish": true,
          },
        },
      },
    },
  },
}
`;
