// Jest Snapshot v1, https://goo.gl/fbAQLP

exports[`Update form unconnected update should render self and subcomponents 1`] = `
ShallowWrapper {
  Symbol(enzyme.__root__): [Circular],
  Symbol(enzyme.__unrendered__): <Form
    bodyHolder=""
    descriptionHolder=""
    login={[MockFunction]}
    resolved={false}
    slug=""
    social={Object {}}
    titleHolder=""
    updatearticle={[Function]}
  />,
  Symbol(enzyme.__renderer__): Object {
    "batchedUpdates": [Function],
    "getNode": [Function],
    "render": [Function],
    "simulateError": [Function],
    "simulateEvent": [Function],
    "unmount": [Function],
  },
  Symbol(enzyme.__node__): Object {
    "instance": null,
    "key": undefined,
    "nodeType": "host",
    "props": Object {
      "children": Array [
        <div
          className="form-group-lg title-input"
        >
          
          
          <input
            className="form-control description"
            id="title"
            name="title"
            onChange={[Function]}
            value=""
          />
        </div>,
        <div
          className="form-group-lg description-input"
        >
          <input
            className="form-control description"
            name="description"
            onChange={[Function]}
            style={
              Object {
                "border": "1px solid",
              }
            }
            value=""
          />
        </div>,
        <div
          className="form-control-lg body-input"
        >
          <textarea
            className="form-control description "
            name="body"
            onChange={[Function]}
            style={
              Object {
                "border": "1px solid",
              }
            }
            value=""
          />
          <button
            className="publish-btn btn btn-primary right"
            id="update-form"
            onClick={[Function]}
            style={
              Object {
                "background": "#2ebaae",
              }
            }
            type="submit"
          >
            Update
          </button>
          <button
            className="publish-btn left"
            id="update-form"
            onClick={[Function]}
            style={
              Object {
                "color": "#2ebaae",
              }
            }
            type="submit"
          >
            Back
          </button>
        </div>,
      ],
      "className": "article-create-page",
    },
    "ref": null,
    "rendered": Array [
      Object {
        "instance": null,
        "key": undefined,
        "nodeType": "host",
        "props": Object {
          "children": Array [
            "",
            "",
            <input
              className="form-control description"
              id="title"
              name="title"
              onChange={[Function]}
              value=""
            />,
          ],
          "className": "form-group-lg title-input",
        },
        "ref": null,
        "rendered": Array [
          "",
          "",
          Object {
            "instance": null,
            "key": undefined,
            "nodeType": "host",
            "props": Object {
              "className": "form-control description",
              "id": "title",
              "name": "title",
              "onChange": [Function],
              "value": "",
            },
            "ref": null,
            "rendered": null,
            "type": "input",
          },
        ],
        "type": "div",
      },
      Object {
        "instance": null,
        "key": undefined,
        "nodeType": "host",
        "props": Object {
          "children": <input
            className="form-control description"
            name="description"
            onChange={[Function]}
            style={
              Object {
                "border": "1px solid",
              }
            }
            value=""
          />,
          "className": "form-group-lg description-input",
        },
        "ref": null,
        "rendered": Object {
          "instance": null,
          "key": undefined,
          "nodeType": "host",
          "props": Object {
            "className": "form-control description",
            "name": "description",
            "onChange": [Function],
            "style": Object {
              "border": "1px solid",
            },
            "value": "",
          },
          "ref": null,
          "rendered": null,
          "type": "input",
        },
        "type": "div",
      },
      Object {
        "instance": null,
        "key": undefined,
        "nodeType": "host",
        "props": Object {
          "children": Array [
            <textarea
              className="form-control description "
              name="body"
              onChange={[Function]}
              style={
                Object {
                  "border": "1px solid",
                }
              }
              value=""
            />,
            <button
              className="publish-btn btn btn-primary right"
              id="update-form"
              onClick={[Function]}
              style={
                Object {
                  "background": "#2ebaae",
                }
              }
              type="submit"
            >
              Update
            </button>,
            <button
              className="publish-btn left"
              id="update-form"
              onClick={[Function]}
              style={
                Object {
                  "color": "#2ebaae",
                }
              }
              type="submit"
            >
              Back
            </button>,
          ],
          "className": "form-control-lg body-input",
        },
        "ref": null,
        "rendered": Array [
          Object {
            "instance": null,
            "key": undefined,
            "nodeType": "host",
            "props": Object {
              "className": "form-control description ",
              "name": "body",
              "onChange": [Function],
              "style": Object {
                "border": "1px solid",
              },
              "value": "",
            },
            "ref": null,
            "rendered": null,
            "type": "textarea",
          },
          Object {
            "instance": null,
            "key": undefined,
            "nodeType": "host",
            "props": Object {
              "children": "Update",
              "className": "publish-btn btn btn-primary right",
              "id": "update-form",
              "onClick": [Function],
              "style": Object {
                "background": "#2ebaae",
              },
              "type": "submit",
            },
            "ref": null,
            "rendered": "Update",
            "type": "button",
          },
          Object {
            "instance": null,
            "key": undefined,
            "nodeType": "host",
            "props": Object {
              "children": "Back",
              "className": "publish-btn left",
              "id": "update-form",
              "onClick": [Function],
              "style": Object {
                "color": "#2ebaae",
              },
              "type": "submit",
            },
            "ref": null,
            "rendered": "Back",
            "type": "button",
          },
        ],
        "type": "div",
      },
    ],
    "type": "div",
  },
  Symbol(enzyme.__nodes__): Array [
    Object {
      "instance": null,
      "key": undefined,
      "nodeType": "host",
      "props": Object {
        "children": Array [
          <div
            className="form-group-lg title-input"
          >
            
            
            <input
              className="form-control description"
              id="title"
              name="title"
              onChange={[Function]}
              value=""
            />
          </div>,
          <div
            className="form-group-lg description-input"
          >
            <input
              className="form-control description"
              name="description"
              onChange={[Function]}
              style={
                Object {
                  "border": "1px solid",
                }
              }
              value=""
            />
          </div>,
          <div
            className="form-control-lg body-input"
          >
            <textarea
              className="form-control description "
              name="body"
              onChange={[Function]}
              style={
                Object {
                  "border": "1px solid",
                }
              }
              value=""
            />
            <button
              className="publish-btn btn btn-primary right"
              id="update-form"
              onClick={[Function]}
              style={
                Object {
                  "background": "#2ebaae",
                }
              }
              type="submit"
            >
              Update
            </button>
            <button
              className="publish-btn left"
              id="update-form"
              onClick={[Function]}
              style={
                Object {
                  "color": "#2ebaae",
                }
              }
              type="submit"
            >
              Back
            </button>
          </div>,
        ],
        "className": "article-create-page",
      },
      "ref": null,
      "rendered": Array [
        Object {
          "instance": null,
          "key": undefined,
          "nodeType": "host",
          "props": Object {
            "children": Array [
              "",
              "",
              <input
                className="form-control description"
                id="title"
                name="title"
                onChange={[Function]}
                value=""
              />,
            ],
            "className": "form-group-lg title-input",
          },
          "ref": null,
          "rendered": Array [
            "",
            "",
            Object {
              "instance": null,
              "key": undefined,
              "nodeType": "host",
              "props": Object {
                "className": "form-control description",
                "id": "title",
                "name": "title",
                "onChange": [Function],
                "value": "",
              },
              "ref": null,
              "rendered": null,
              "type": "input",
            },
          ],
          "type": "div",
        },
        Object {
          "instance": null,
          "key": undefined,
          "nodeType": "host",
          "props": Object {
            "children": <input
              className="form-control description"
              name="description"
              onChange={[Function]}
              style={
                Object {
                  "border": "1px solid",
                }
              }
              value=""
            />,
            "className": "form-group-lg description-input",
          },
          "ref": null,
          "rendered": Object {
            "instance": null,
            "key": undefined,
            "nodeType": "host",
            "props": Object {
              "className": "form-control description",
              "name": "description",
              "onChange": [Function],
              "style": Object {
                "border": "1px solid",
              },
              "value": "",
            },
            "ref": null,
            "rendered": null,
            "type": "input",
          },
          "type": "div",
        },
        Object {
          "instance": null,
          "key": undefined,
          "nodeType": "host",
          "props": Object {
            "children": Array [
              <textarea
                className="form-control description "
                name="body"
                onChange={[Function]}
                style={
                  Object {
                    "border": "1px solid",
                  }
                }
                value=""
              />,
              <button
                className="publish-btn btn btn-primary right"
                id="update-form"
                onClick={[Function]}
                style={
                  Object {
                    "background": "#2ebaae",
                  }
                }
                type="submit"
              >
                Update
              </button>,
              <button
                className="publish-btn left"
                id="update-form"
                onClick={[Function]}
                style={
                  Object {
                    "color": "#2ebaae",
                  }
                }
                type="submit"
              >
                Back
              </button>,
            ],
            "className": "form-control-lg body-input",
          },
          "ref": null,
          "rendered": Array [
            Object {
              "instance": null,
              "key": undefined,
              "nodeType": "host",
              "props": Object {
                "className": "form-control description ",
                "name": "body",
                "onChange": [Function],
                "style": Object {
                  "border": "1px solid",
                },
                "value": "",
              },
              "ref": null,
              "rendered": null,
              "type": "textarea",
            },
            Object {
              "instance": null,
              "key": undefined,
              "nodeType": "host",
              "props": Object {
                "children": "Update",
                "className": "publish-btn btn btn-primary right",
                "id": "update-form",
                "onClick": [Function],
                "style": Object {
                  "background": "#2ebaae",
                },
                "type": "submit",
              },
              "ref": null,
              "rendered": "Update",
              "type": "button",
            },
            Object {
              "instance": null,
              "key": undefined,
              "nodeType": "host",
              "props": Object {
                "children": "Back",
                "className": "publish-btn left",
                "id": "update-form",
                "onClick": [Function],
                "style": Object {
                  "color": "#2ebaae",
                },
                "type": "submit",
              },
              "ref": null,
              "rendered": "Back",
              "type": "button",
            },
          ],
          "type": "div",
        },
      ],
      "type": "div",
    },
  ],
  Symbol(enzyme.__options__): Object {
    "adapter": ReactSixteenAdapter {
      "options": Object {
        "enableComponentDidUpdateOnSetState": true,
        "lifecycles": Object {
          "componentDidUpdate": Object {
            "onSetState": true,
          },
          "getDerivedStateFromProps": true,
          "getSnapshotBeforeUpdate": true,
          "setState": Object {
            "skipsComponentDidUpdateOnNullish": true,
          },
        },
      },
    },
  },
}
`;
