// Jest Snapshot v1, https://goo.gl/fbAQLP

exports[`snapshot test for reports snapshot test should create a snapshot test for reports 1`] = `
ShallowWrapper {
  Symbol(enzyme.__root__): [Circular],
  Symbol(enzyme.__unrendered__): <Reports
    dispatch={[MockFunction]}
    payload={[MockFunction]}
  />,
  Symbol(enzyme.__renderer__): Object {
    "batchedUpdates": [Function],
    "getNode": [Function],
    "render": [Function],
    "simulateError": [Function],
    "simulateEvent": [Function],
    "unmount": [Function],
  },
  Symbol(enzyme.__node__): Object {
    "instance": null,
    "key": undefined,
    "nodeType": "host",
    "props": Object {
      "children": <Form
        onSubmit={[Function]}
        tag="form"
      >
        <FormGroup
          tag="div"
        >
          <Input
            className="form-control description"
            id="title"
            name="title"
            onChange={[Function]}
            placeholder="Enter Subject"
            required={true}
            type="text"
          />
        </FormGroup>
        <FormGroup
          tag="div"
        >
          <Input
            className="form-control description"
            cols="50"
            id="report"
            name="text"
            onChange={[Function]}
            placeholder="Enter your report"
            required={true}
            rows="18"
            type="textarea"
          />
        </FormGroup>
        <button
          className="btn report-button "
          type="submit"
        >
          Submit
        </button>
      </Form>,
      "className": "report",
    },
    "ref": null,
    "rendered": Object {
      "instance": null,
      "key": undefined,
      "nodeType": "class",
      "props": Object {
        "children": Array [
          <FormGroup
            tag="div"
          >
            <Input
              className="form-control description"
              id="title"
              name="title"
              onChange={[Function]}
              placeholder="Enter Subject"
              required={true}
              type="text"
            />
          </FormGroup>,
          <FormGroup
            tag="div"
          >
            <Input
              className="form-control description"
              cols="50"
              id="report"
              name="text"
              onChange={[Function]}
              placeholder="Enter your report"
              required={true}
              rows="18"
              type="textarea"
            />
          </FormGroup>,
          <button
            className="btn report-button "
            type="submit"
          >
            Submit
          </button>,
        ],
        "onSubmit": [Function],
        "tag": "form",
      },
      "ref": null,
      "rendered": Array [
        Object {
          "instance": null,
          "key": undefined,
          "nodeType": "function",
          "props": Object {
            "children": <Input
              className="form-control description"
              id="title"
              name="title"
              onChange={[Function]}
              placeholder="Enter Subject"
              required={true}
              type="text"
            />,
            "tag": "div",
          },
          "ref": null,
          "rendered": Object {
            "instance": null,
            "key": undefined,
            "nodeType": "class",
            "props": Object {
              "className": "form-control description",
              "id": "title",
              "name": "title",
              "onChange": [Function],
              "placeholder": "Enter Subject",
              "required": true,
              "type": "text",
            },
            "ref": null,
            "rendered": null,
            "type": [Function],
          },
          "type": [Function],
        },
        Object {
          "instance": null,
          "key": undefined,
          "nodeType": "function",
          "props": Object {
            "children": <Input
              className="form-control description"
              cols="50"
              id="report"
              name="text"
              onChange={[Function]}
              placeholder="Enter your report"
              required={true}
              rows="18"
              type="textarea"
            />,
            "tag": "div",
          },
          "ref": null,
          "rendered": Object {
            "instance": null,
            "key": undefined,
            "nodeType": "class",
            "props": Object {
              "className": "form-control description",
              "cols": "50",
              "id": "report",
              "name": "text",
              "onChange": [Function],
              "placeholder": "Enter your report",
              "required": true,
              "rows": "18",
              "type": "textarea",
            },
            "ref": null,
            "rendered": null,
            "type": [Function],
          },
          "type": [Function],
        },
        Object {
          "instance": null,
          "key": undefined,
          "nodeType": "host",
          "props": Object {
            "children": "Submit",
            "className": "btn report-button ",
            "type": "submit",
          },
          "ref": null,
          "rendered": "Submit",
          "type": "button",
        },
      ],
      "type": [Function],
    },
    "type": "div",
  },
  Symbol(enzyme.__nodes__): Array [
    Object {
      "instance": null,
      "key": undefined,
      "nodeType": "host",
      "props": Object {
        "children": <Form
          onSubmit={[Function]}
          tag="form"
        >
          <FormGroup
            tag="div"
          >
            <Input
              className="form-control description"
              id="title"
              name="title"
              onChange={[Function]}
              placeholder="Enter Subject"
              required={true}
              type="text"
            />
          </FormGroup>
          <FormGroup
            tag="div"
          >
            <Input
              className="form-control description"
              cols="50"
              id="report"
              name="text"
              onChange={[Function]}
              placeholder="Enter your report"
              required={true}
              rows="18"
              type="textarea"
            />
          </FormGroup>
          <button
            className="btn report-button "
            type="submit"
          >
            Submit
          </button>
        </Form>,
        "className": "report",
      },
      "ref": null,
      "rendered": Object {
        "instance": null,
        "key": undefined,
        "nodeType": "class",
        "props": Object {
          "children": Array [
            <FormGroup
              tag="div"
            >
              <Input
                className="form-control description"
                id="title"
                name="title"
                onChange={[Function]}
                placeholder="Enter Subject"
                required={true}
                type="text"
              />
            </FormGroup>,
            <FormGroup
              tag="div"
            >
              <Input
                className="form-control description"
                cols="50"
                id="report"
                name="text"
                onChange={[Function]}
                placeholder="Enter your report"
                required={true}
                rows="18"
                type="textarea"
              />
            </FormGroup>,
            <button
              className="btn report-button "
              type="submit"
            >
              Submit
            </button>,
          ],
          "onSubmit": [Function],
          "tag": "form",
        },
        "ref": null,
        "rendered": Array [
          Object {
            "instance": null,
            "key": undefined,
            "nodeType": "function",
            "props": Object {
              "children": <Input
                className="form-control description"
                id="title"
                name="title"
                onChange={[Function]}
                placeholder="Enter Subject"
                required={true}
                type="text"
              />,
              "tag": "div",
            },
            "ref": null,
            "rendered": Object {
              "instance": null,
              "key": undefined,
              "nodeType": "class",
              "props": Object {
                "className": "form-control description",
                "id": "title",
                "name": "title",
                "onChange": [Function],
                "placeholder": "Enter Subject",
                "required": true,
                "type": "text",
              },
              "ref": null,
              "rendered": null,
              "type": [Function],
            },
            "type": [Function],
          },
          Object {
            "instance": null,
            "key": undefined,
            "nodeType": "function",
            "props": Object {
              "children": <Input
                className="form-control description"
                cols="50"
                id="report"
                name="text"
                onChange={[Function]}
                placeholder="Enter your report"
                required={true}
                rows="18"
                type="textarea"
              />,
              "tag": "div",
            },
            "ref": null,
            "rendered": Object {
              "instance": null,
              "key": undefined,
              "nodeType": "class",
              "props": Object {
                "className": "form-control description",
                "cols": "50",
                "id": "report",
                "name": "text",
                "onChange": [Function],
                "placeholder": "Enter your report",
                "required": true,
                "rows": "18",
                "type": "textarea",
              },
              "ref": null,
              "rendered": null,
              "type": [Function],
            },
            "type": [Function],
          },
          Object {
            "instance": null,
            "key": undefined,
            "nodeType": "host",
            "props": Object {
              "children": "Submit",
              "className": "btn report-button ",
              "type": "submit",
            },
            "ref": null,
            "rendered": "Submit",
            "type": "button",
          },
        ],
        "type": [Function],
      },
      "type": "div",
    },
  ],
  Symbol(enzyme.__options__): Object {
    "adapter": ReactSixteenAdapter {
      "options": Object {
        "enableComponentDidUpdateOnSetState": true,
        "lifecycles": Object {
          "componentDidUpdate": Object {
            "onSetState": true,
          },
          "getDerivedStateFromProps": true,
          "getSnapshotBeforeUpdate": true,
          "setState": Object {
            "skipsComponentDidUpdateOnNullish": true,
          },
        },
      },
    },
  },
}
`;
