// Jest Snapshot v1, https://goo.gl/fbAQLP

exports[`renders correctly 1`] = `
<div
  className="container outer"
>
  <div
    className="my-container"
  >
    <form
      className=""
      onSubmit={[Function]}
    >
      <div
        className="position-relative form-group"
      >
        <div
          className="col-sm-12"
        >
          <div />
          <label
            className="form-header"
            id="label"
          >
             Reset Password
          </label>
        </div>
        <br />
        <div
          className="form-content col-sm-4"
        >
          <input
            className="form-control"
            id="email"
            name="email"
            onChange={[Function]}
            placeholder="Enter email"
            type="email"
            value=""
          />
          <div
            className="invalid-feedback"
          />
          <br />
          <div
            className="button"
          >
            <button
              aria-label={null}
              className="mybtn btn btn-secondary"
              id="button"
              onClick={[Function]}
              type="submit"
            >
               
              Reset Password
               
            </button>
          </div>
          <br />
        </div>
      </div>
    </form>
  </div>
</div>
`;
